192.1.2.23 > 192.1.2.45: ESP(spi=0x12345678,seq=0x1)
192.1.2.23 > 192.1.2.45: ESP(spi=0x12345678,seq=0x2)
192.1.2.23 > 192.1.2.45: ESP(spi=0x12345678,seq=0x3)
192.1.2.23 > 192.1.2.45: ESP(spi=0x12345678,seq=0x4)
192.1.2.23 > 192.1.2.45: ESP(spi=0x12345678,seq=0x5)
192.1.2.23 > 192.1.2.45: ESP(spi=0x12345678,seq=0x6)
192.1.2.23 > 192.1.2.45: ESP(spi=0x12345678,seq=0x7)
192.1.2.23 > 192.1.2.45: ESP(spi=0x12345678,seq=0x8)
