192.1.2.23 > 192.1.2.45: ESP(spi=0x12345678,seq=0x1): 192.0.2.1 > 192.0.1.1: icmp 64: echo request seq 1280 (DF) (ipip-proto-4)
192.1.2.23 > 192.1.2.45: ESP(spi=0x12345678,seq=0x2): 192.0.2.1 > 192.0.1.1: icmp 64: echo request seq 1536 (DF) (ipip-proto-4)
192.1.2.23 > 192.1.2.45: ESP(spi=0x12345678,seq=0x3): 192.0.2.1 > 192.0.1.1: icmp 64: echo request seq 1792 (DF) (ipip-proto-4)
192.1.2.23 > 192.1.2.45: ESP(spi=0x12345678,seq=0x4): 192.0.2.1 > 192.0.1.1: icmp 64: echo request seq 2048 (DF) (ipip-proto-4)
192.1.2.23 > 192.1.2.45: ESP(spi=0x12345678,seq=0x5): 192.0.2.1 > 192.0.1.1: icmp 64: echo request seq 2304 (DF) (ipip-proto-4)
192.1.2.23 > 192.1.2.45: ESP(spi=0x12345678,seq=0x6): 192.0.2.1 > 192.0.1.1: icmp 64: echo request seq 2560 (DF) (ipip-proto-4)
192.1.2.23 > 192.1.2.45: ESP(spi=0x12345678,seq=0x7): 192.0.2.1 > 192.0.1.1: icmp 64: echo request seq 2816 (DF) (ipip-proto-4)
192.1.2.23 > 192.1.2.45: ESP(spi=0x12345678,seq=0x8): 192.0.2.1 > 192.0.1.1: icmp 64: echo request seq 3072 (DF) (ipip-proto-4)
